<?xml version="1.0" encoding="UTF-8"?>
<testsuites name="jest tests" tests="1" failures="0" errors="0" time="0.092">
  <testsuite name="undefined" errors="0" failures="0" skipped="0" timestamp="2025-05-15T11:53:53" time="0.079" tests="1">
    <testcase classname=" Soma de dois numeros 1 + 2 = 3" name=" Soma de dois numeros 1 + 2 = 3" time="0.001">
    </testcase>
  </testsuite>
</testsuites>